// Jest Snapshot v1, https://goo.gl/fbAQLP

exports[`PreviewLetterTemplatePage should load page 1`] = `
<React.Fragment>
  <Unknown
    href="/templates/manage-templates"
    id="back-link"
  >
    Back to all templates
  </Unknown>
  <NHSNotifyMain>
    <div
      className="nhsuk-grid-row"
    >
      <div
        className="nhsuk-grid-column-full"
      >
        <Unknown
          template={
            {
              "createdAt": "2025-01-13T10:19:25.579Z",
              "files": {
                "pdfTemplate": {
                  "currentVersion": "saoj867b789",
                  "fileName": "template.pdf",
                  "virusScanStatus": "PASSED",
                },
                "testDataCsv": {
                  "currentVersion": "897asiahv87",
                  "fileName": "test-data.csv",
                  "virusScanStatus": "FAILED",
                },
              },
              "id": "template-id",
              "language": "en",
              "letterType": "x0",
              "name": "template-name",
              "templateStatus": "NOT_YET_SUBMITTED",
              "templateType": "LETTER",
              "updatedAt": "2025-01-13T10:19:25.579Z",
            }
          }
        />
        <NHSNotifyButton
          data-testid="submit-button"
          href="/templates/submit-letter-template/template-id"
          id="preview-letter-template-submit-button"
        >
          Submit template
        </NHSNotifyButton>
        <p>
          <ForwardRef(LinkComponent)
            href="/manage-templates"
          >
            Back to all templates
          </ForwardRef(LinkComponent)>
        </p>
      </div>
    </div>
  </NHSNotifyMain>
</React.Fragment>
`;
