// Jest Snapshot v1, https://goo.gl/fbAQLP

exports[`Preview letter form renders matches snapshot 1`] = `
<DocumentFragment>
  <h1
    data-testid="preview-message__heading"
  >
    <span
      class="nhsuk-caption-l"
      data-testid="preview-message__heading-caption"
    >
      Letter template
    </span>
    test-template-letter
  </h1>
  <details
    class="nhsuk-details"
  >
    <summary
      class="nhsuk-details__summary"
      data-testid="preview-message-details__heading"
    >
      <span
        class="nhsuk-details__summary-text"
      >
        Who your letter will be sent from
      </span>
    </summary>
    <div
      class="nhsuk-details__text"
      data-testid="preview-message-details__text"
    >
      <p>
        The return address is set by NHS Notify's suppliers and is printed on each letter's envelope.
      </p>
      <p>
        If you want recipients to reply to you by letter, add your address in the content of your letter. Letter templates do not have a section for a reply address.
      </p>
    </div>
  </details>
  <table
    class="nhsuk-table preview nhsuk-u-margin-bottom-4"
  >
    <tbody
      class="nhsuk-table__body"
    >
      <tr
        class="nhsuk-table__row"
        role="row"
      >
        <td
          class="nhsuk-table__cell"
          role="cell"
        >
          <div
            class="preview__heading"
            data-testid="preview__heading-0"
          >
            Heading
          </div>
        </td>
        <td
          class="nhsuk-table__cell"
          role="cell"
        >
          <div
            class="preview__content"
            data-testid="preview__content-0"
          >
            letter heading
          </div>
        </td>
      </tr>
      <tr
        class="nhsuk-table__row"
        role="row"
      >
        <td
          class="nhsuk-table__cell"
          role="cell"
        >
          <div
            class="preview__heading"
            data-testid="preview__heading-1"
          >
            Body text
          </div>
        </td>
        <td
          class="nhsuk-table__cell"
          role="cell"
        >
          <div
            class="preview__content"
            data-testid="preview__content-1"
          />
        </td>
      </tr>
    </tbody>
  </table>
  <form
    action=""
  >
    <div
      class="nhsuk-form-group"
    >
      <fieldset
        class="nhsuk-fieldset"
      >
        <legend
          class="nhsuk-fieldset__legend nhsuk-fieldset__legend--m"
          data-testid="preview-letter-form__legend"
        >
          What would you like to do next with this template?
        </legend>
        <div
          class="nhsuk-form-group"
        >
          <div
            class="nhsuk-radios"
            id="preview-letter"
          >
            <div
              class="nhsuk-radios__item"
            >
              <input
                aria-labelledby="preview-letter-1--label"
                class="nhsuk-radios__input"
                data-testid="letter-edit-radio"
                id="preview-letter-1"
                name="preview-letter"
                type="radio"
                value="letter-edit"
              />
              <label
                class="nhsuk-label nhsuk-radios__label"
                for="preview-letter-1"
                id="preview-letter-1--label"
              >
                Edit
              </label>
            </div>
            <div
              class="nhsuk-radios__item"
            >
              <input
                aria-labelledby="preview-letter-2--label"
                class="nhsuk-radios__input"
                data-testid="letter-preview-radio"
                id="preview-letter-2"
                name="preview-letter"
                type="radio"
                value="letter-preview"
              />
              <label
                class="nhsuk-label nhsuk-radios__label"
                for="preview-letter-2"
                id="preview-letter-2--label"
              >
                Preview (PDF)
              </label>
            </div>
            <div
              class="nhsuk-radios__item"
            >
              <input
                aria-labelledby="preview-letter-3--label"
                class="nhsuk-radios__input"
                data-testid="letter-submit-radio"
                id="preview-letter-3"
                name="preview-letter"
                type="radio"
                value="letter-submit"
              />
              <label
                class="nhsuk-label nhsuk-radios__label"
                for="preview-letter-3"
                id="preview-letter-3--label"
              >
                Submit
              </label>
            </div>
          </div>
        </div>
      </fieldset>
    </div>
    <button
      aria-disabled="false"
      class="nhsuk-button"
      data-testid="submit-button"
      type="submit"
    >
      Continue
    </button>
  </form>
</DocumentFragment>
`;
