// Jest Snapshot v1, https://goo.gl/fbAQLP

exports[`CreateNHSAppTemplatePage should render CreateNHSAppTemplatePage 1`] = `
<NHSNotifyContainer>
  <NhsAppTemplateForm
    initialState={
      {
        "message": "",
        "name": "",
        "templateType": "NHS_APP",
      }
    }
  />
</NHSNotifyContainer>
`;
