// Jest Snapshot v1, https://goo.gl/fbAQLP

exports[`PreviewTemplate component matches snapshot 1`] = `
<DocumentFragment>
  <div
    class="nhsuk-width-container nhsuk-u-margin-bottom-6 nhsuk-body-m"
  >
    <div
      class="preview"
    >
      <div
        class="nhsuk-grid-row preview__row"
      >
        <div
          class="nhsuk-grid-column-one-third preview__col"
        >
          <div
            class="preview__col_heading"
            data-testid="preview__heading-0"
          >
            Heading
          </div>
        </div>
        <div
          class="nhsuk-grid-column-two-thirds col"
        >
          <div
            class="preview__col_content"
            data-testid="preview__content-0"
          >
            Test value-1
          </div>
        </div>
      </div>
    </div>
  </div>
</DocumentFragment>
`;
