// Jest Snapshot v1, https://goo.gl/fbAQLP

exports[`matches snapshot 1`] = `
<DocumentFragment>
  <main
    class="nhsuk-main-wrapper"
    id="maincontent"
    role="main"
  >
    <div
      class="nhsuk-grid-row"
    >
      <div
        class="nhsuk-grid-column-two-thirds"
      >
        <h1
          class="nhsuk-heading-xl"
        >
          Move message plan to production
        </h1>
        <table
          class="nhsuk-u-margin-bottom-6 table"
        >
          <tbody
            class="nhsuk-table__body"
          >
            <tr
              class="nhsuk-table__row"
            >
              <th
                class="nhsuk-table__cell"
              >
                Name
              </th>
              <td
                class="nhsuk-table__cell"
              >
                My Routing Config
              </td>
              <td
                class="nhsuk-table__cell"
              >
                <a
                  href="/message-plans/preview-message-plan/routing-config-id"
                >
                  Preview
                </a>
              </td>
            </tr>
          </tbody>
        </table>
        <p>
          Moving message plans from draft to production means that they are ready to send.
        </p>
        <p>
          Messages will only be sent to recipients when you make a request with
          <a
            href="https://digital.nhs.uk/developer/api-catalogue/nhs-notify"
            rel="noopener noreferrer"
            target="_blank"
          >
            NHS Notify API
          </a>
           or
          <a
            href="https://digital.nhs.uk/developer/api-catalogue/nhs-notify-mesh"
            rel="noopener noreferrer"
            target="_blank"
          >
            NHS Notify MESH
          </a>
          .
        </p>
        <h2
          class="nhsuk-heading-m"
          id="before-you-move-message-plans-to-production"
        >
          Before you move message plans to production
        </h2>
        <p>
          Any templates used in these message plans will be locked.
        </p>
        <p>
          Make sure:
        </p>
        <ul
          class="nhsuk-list nhsuk-list--bullet"
        >
          <li>
            the relevant stakeholders in your team have approved your templates and message plan
          </li>
          <li>
            your templates have no errors
          </li>
        </ul>
        <div
          class="nhsuk-warning-callout"
        >
          <h3
            class="nhsuk-warning-callout__label"
          >
            Important
            <span
              class="nhsuk-u-visually-hidden"
            >
              :
            </span>
          </h3>
          <p>
            You cannot edit anything that is in production.
          </p>
          <p>
            If you need to edit your templates or message plans, you can copy and replace them.
          </p>
        </div>
        <form
          action="javascript:throw new Error('A React form was unexpectedly submitted. If you called form.submit() manually, consider using form.requestSubmit() instead. If you\\'re trying to use event.stopPropagation() in a submit event handler, consider also calling event.preventDefault().')"
        >
          <input
            name="form-id"
            readonly=""
            type="hidden"
            value="move-message-plan-to-production"
          />
          <input
            name="csrf_token"
            readonly=""
            type="hidden"
            value="no_token"
          />
          <input
            name="routingConfigId"
            readonly=""
            type="hidden"
            value="routing-config-id"
          />
          <div
            class="nhsuk-form-group"
          >
            <button
              aria-disabled="false"
              class="nhsuk-button nhsuk-button--warning"
              data-testid="submit-button"
              type="submit"
            >
              Move to production
            </button>
            <a
              aria-disabled="false"
              class="nhsuk-button nhsuk-button--secondary nhsuk-u-margin-left-3"
              draggable="false"
              href="/templates/message-plans"
              role="button"
            >
              Keep in draft
            </a>
          </div>
        </form>
      </div>
    </div>
  </main>
</DocumentFragment>
`;
