// Jest Snapshot v1, https://goo.gl/fbAQLP

exports[`CreateEmailTemplatePage should render CreateEmailTemplatePage 1`] = `
<EmailTemplateForm
  csrfToken="csrf-token"
  initialState={
    {
      "message": "",
      "name": "",
      "subject": "",
      "templateStatus": "NOT_YET_SUBMITTED",
      "templateType": "EMAIL",
    }
  }
/>
`;
