// Jest Snapshot v1, https://goo.gl/fbAQLP

exports[`CreateEmailTemplatePage should render CreateEmailTemplatePage 1`] = `
<NHSNotifyContainer>
  <EmailTemplateForm
    initialState={
      {
        "message": "",
        "name": "",
        "subject": "",
        "templateType": "EMAIL",
      }
    }
  />
</NHSNotifyContainer>
`;
