// Jest Snapshot v1, https://goo.gl/fbAQLP

exports[`Page break component matches snapshot 1`] = `
<DocumentFragment>
  <div
    class="pagebreak"
    data-testid="page-break"
  >
    <div
      class="pagebreak__divider"
    />
    <span
      class="pagebreak__text"
      data-testid="page-break__content"
    >
      Page Break
    </span>
    <div
      class="pagebreak__divider"
    />
  </div>
</DocumentFragment>
`;
