// Jest Snapshot v1, https://goo.gl/fbAQLP

exports[`LetterRenderIframe snapshots matches snapshot with PDF URL 1`] = `
<DocumentFragment>
  <iframe
    aria-label="PDF preview of letter template with short example personalisation data"
    referrerpolicy="no-referrer"
    src="/templates/files/client-123/renders/template-123/initial.pdf"
    title="Letter preview - short examples"
  />
</DocumentFragment>
`;

exports[`LetterRenderIframe snapshots matches snapshot without PDF file 1`] = `
<DocumentFragment>
  <p
    class="nhsuk-body"
  >
    No preview available
  </p>
</DocumentFragment>
`;
