// Jest Snapshot v1, https://goo.gl/fbAQLP

exports[`PreviewLetterActions should only process letter markdown rules 1`] = `
"<h1>Heading</h1>
<h2>sub heading</h2>
<p><strong>bold</strong></p>
<ul>
<li>bullet point 1</li>
<li>bullet point 2</li>
</ul>
<ol>
<li>ordered list item 1</li>
<li>ordered list item 2</li>
</ol>
<p>[Read more](https://www.nhs.uk/example)</p>
<p>https://www.nhs.uk/example</p>
<p>Before page break</p>
<div class="pagebreak" data-testid="page-break"><div class="pagebreak__divider"></div><span class="pagebreak__text" data-testid="page-break__content">Page Break</span><div class="pagebreak__divider"></div></div><p>After page break</p>
<p>Start of line break<br>end of line break</p>
<p>Before horizontal line</p>
<hr>
<p>End of horizontal line</p>
<p>This is a paragraph</p>
<p>By doing a new line this starts a new paragraph</p>
"
`;
