// Jest Snapshot v1, https://goo.gl/fbAQLP

exports[`errors if event has invalid scan result status 1`] = `
"[
  {
    "code": "invalid_value",
    "values": [
      "NO_THREATS_FOUND",
      "THREATS_FOUND",
      "UNSUPPORTED",
      "ACCESS_DENIED",
      "FAILED"
    ],
    "path": [
      "detail",
      "scanResultDetails",
      "scanResultStatus"
    ],
    "message": "Invalid option: expected one of \\"NO_THREATS_FOUND\\"|\\"THREATS_FOUND\\"|\\"UNSUPPORTED\\"|\\"ACCESS_DENIED\\"|\\"FAILED\\""
  }
]"
`;

exports[`errors if event has no object key name 1`] = `
"[
  {
    "expected": "string",
    "code": "invalid_type",
    "path": [
      "detail",
      "s3ObjectDetails",
      "objectKey"
    ],
    "message": "Invalid input: expected string, received undefined"
  }
]"
`;

exports[`errors if event has no scan result status 1`] = `
"[
  {
    "code": "invalid_value",
    "values": [
      "NO_THREATS_FOUND",
      "THREATS_FOUND",
      "UNSUPPORTED",
      "ACCESS_DENIED",
      "FAILED"
    ],
    "path": [
      "detail",
      "scanResultDetails",
      "scanResultStatus"
    ],
    "message": "Invalid option: expected one of \\"NO_THREATS_FOUND\\"|\\"THREATS_FOUND\\"|\\"UNSUPPORTED\\"|\\"ACCESS_DENIED\\"|\\"FAILED\\""
  }
]"
`;
