// Jest Snapshot v1, https://goo.gl/fbAQLP

exports[`Renders back button 1`] = `
<DocumentFragment>
  <form
    action="/action"
  >
    <input
      name="form-id"
      readonly=""
      type="hidden"
      value="form-id"
    />
    <input
      name="csrf_token"
      readonly=""
      type="hidden"
      value="csrf-token"
    />
    <input
      id="input"
      readonly=""
      value="4"
    />
  </form>
</DocumentFragment>
`;
