// Jest Snapshot v1, https://goo.gl/fbAQLP

exports[`TemplateNameGuidance component renders component correctly as TemplateNameGuidance 1`] = `
<DocumentFragment>
  <details
    class="nhsuk-details"
    data-testid="how-to-name-your-template-details"
  >
    <summary
      class="nhsuk-details__summary"
      data-testid="how-to-name-your-template-summary"
    >
      <span
        class="nhsuk-details__summary-text"
      >
        Naming your templates
      </span>
    </summary>
    <div
      class="nhsuk-details__text"
      data-testid="how-to-name-your-template-text"
    >
      <p>
        You should name your templates in a way that works best for your service or organisation.
      </p>
      <p>
        Common template names include the:
      </p>
      <ul>
        <li>
          message channel it uses
        </li>
        <li>
          subject or reason for the message
        </li>
        <li>
          intended audience for the template
        </li>
        <li>
          version number of the template
        </li>
      </ul>
      <p
        data-testid="template-name-example"
      >
        For example, 'NHS App - covid19 2023 - over 65s - version 3'
      </p>
    </div>
  </details>
</DocumentFragment>
`;
