// Jest Snapshot v1, https://goo.gl/fbAQLP

exports[`LetterRenderDetails snapshots matches snapshot 1`] = `
<DocumentFragment>
  <h3
    class="nhsuk-heading-s"
  >
    PDS personalisation fields
  </h3>
  <p>
    <strong>
      Example recipient
    </strong>
    <br />
    Jo Bloggs
  </p>
  <h3
    class="nhsuk-heading-s nhsuk-u-padding-top-4"
  >
    Custom personalisation fields
  </h3>
  <p>
    <strong>
      appointmentDate
    </strong>
    <br />
    2025-01-15
  </p>
</DocumentFragment>
`;
