// Jest Snapshot v1, https://goo.gl/fbAQLP

exports[`statusToColourMapping status=DELETED type=EMAIL routing=false letterVersion=undefined 1`] = `undefined`;

exports[`statusToColourMapping status=DELETED type=EMAIL routing=true letterVersion=undefined 1`] = `undefined`;

exports[`statusToColourMapping status=DELETED type=LETTER routing=false letterVersion=AUTHORING 1`] = `undefined`;

exports[`statusToColourMapping status=DELETED type=LETTER routing=false letterVersion=PDF 1`] = `undefined`;

exports[`statusToColourMapping status=DELETED type=LETTER routing=true letterVersion=AUTHORING 1`] = `undefined`;

exports[`statusToColourMapping status=DELETED type=LETTER routing=true letterVersion=PDF 1`] = `undefined`;

exports[`statusToColourMapping status=DELETED type=NHS_APP routing=false letterVersion=undefined 1`] = `undefined`;

exports[`statusToColourMapping status=DELETED type=NHS_APP routing=true letterVersion=undefined 1`] = `undefined`;

exports[`statusToColourMapping status=DELETED type=SMS routing=false letterVersion=undefined 1`] = `undefined`;

exports[`statusToColourMapping status=DELETED type=SMS routing=true letterVersion=undefined 1`] = `undefined`;

exports[`statusToColourMapping status=NOT_YET_SUBMITTED type=EMAIL routing=false letterVersion=undefined 1`] = `"green"`;

exports[`statusToColourMapping status=NOT_YET_SUBMITTED type=EMAIL routing=true letterVersion=undefined 1`] = `"green"`;

exports[`statusToColourMapping status=NOT_YET_SUBMITTED type=LETTER routing=false letterVersion=AUTHORING 1`] = `"yellow"`;

exports[`statusToColourMapping status=NOT_YET_SUBMITTED type=LETTER routing=false letterVersion=PDF 1`] = `undefined`;

exports[`statusToColourMapping status=NOT_YET_SUBMITTED type=LETTER routing=true letterVersion=AUTHORING 1`] = `"yellow"`;

exports[`statusToColourMapping status=NOT_YET_SUBMITTED type=LETTER routing=true letterVersion=PDF 1`] = `undefined`;

exports[`statusToColourMapping status=NOT_YET_SUBMITTED type=NHS_APP routing=false letterVersion=undefined 1`] = `"green"`;

exports[`statusToColourMapping status=NOT_YET_SUBMITTED type=NHS_APP routing=true letterVersion=undefined 1`] = `"green"`;

exports[`statusToColourMapping status=NOT_YET_SUBMITTED type=SMS routing=false letterVersion=undefined 1`] = `"green"`;

exports[`statusToColourMapping status=NOT_YET_SUBMITTED type=SMS routing=true letterVersion=undefined 1`] = `"green"`;

exports[`statusToColourMapping status=PENDING_PROOF_REQUEST type=EMAIL routing=false letterVersion=undefined 1`] = `"blue"`;

exports[`statusToColourMapping status=PENDING_PROOF_REQUEST type=EMAIL routing=true letterVersion=undefined 1`] = `"blue"`;

exports[`statusToColourMapping status=PENDING_PROOF_REQUEST type=LETTER routing=false letterVersion=AUTHORING 1`] = `"blue"`;

exports[`statusToColourMapping status=PENDING_PROOF_REQUEST type=LETTER routing=false letterVersion=PDF 1`] = `"blue"`;

exports[`statusToColourMapping status=PENDING_PROOF_REQUEST type=LETTER routing=true letterVersion=AUTHORING 1`] = `"blue"`;

exports[`statusToColourMapping status=PENDING_PROOF_REQUEST type=LETTER routing=true letterVersion=PDF 1`] = `"blue"`;

exports[`statusToColourMapping status=PENDING_PROOF_REQUEST type=NHS_APP routing=false letterVersion=undefined 1`] = `"blue"`;

exports[`statusToColourMapping status=PENDING_PROOF_REQUEST type=NHS_APP routing=true letterVersion=undefined 1`] = `"blue"`;

exports[`statusToColourMapping status=PENDING_PROOF_REQUEST type=SMS routing=false letterVersion=undefined 1`] = `"blue"`;

exports[`statusToColourMapping status=PENDING_PROOF_REQUEST type=SMS routing=true letterVersion=undefined 1`] = `"blue"`;

exports[`statusToColourMapping status=PENDING_UPLOAD type=EMAIL routing=false letterVersion=undefined 1`] = `"blue"`;

exports[`statusToColourMapping status=PENDING_UPLOAD type=EMAIL routing=true letterVersion=undefined 1`] = `"blue"`;

exports[`statusToColourMapping status=PENDING_UPLOAD type=LETTER routing=false letterVersion=AUTHORING 1`] = `"blue"`;

exports[`statusToColourMapping status=PENDING_UPLOAD type=LETTER routing=false letterVersion=PDF 1`] = `"blue"`;

exports[`statusToColourMapping status=PENDING_UPLOAD type=LETTER routing=true letterVersion=AUTHORING 1`] = `"blue"`;

exports[`statusToColourMapping status=PENDING_UPLOAD type=LETTER routing=true letterVersion=PDF 1`] = `"blue"`;

exports[`statusToColourMapping status=PENDING_UPLOAD type=NHS_APP routing=false letterVersion=undefined 1`] = `"blue"`;

exports[`statusToColourMapping status=PENDING_UPLOAD type=NHS_APP routing=true letterVersion=undefined 1`] = `"blue"`;

exports[`statusToColourMapping status=PENDING_UPLOAD type=SMS routing=false letterVersion=undefined 1`] = `"blue"`;

exports[`statusToColourMapping status=PENDING_UPLOAD type=SMS routing=true letterVersion=undefined 1`] = `"blue"`;

exports[`statusToColourMapping status=PENDING_VALIDATION type=EMAIL routing=false letterVersion=undefined 1`] = `"blue"`;

exports[`statusToColourMapping status=PENDING_VALIDATION type=EMAIL routing=true letterVersion=undefined 1`] = `"blue"`;

exports[`statusToColourMapping status=PENDING_VALIDATION type=LETTER routing=false letterVersion=AUTHORING 1`] = `"blue"`;

exports[`statusToColourMapping status=PENDING_VALIDATION type=LETTER routing=false letterVersion=PDF 1`] = `"blue"`;

exports[`statusToColourMapping status=PENDING_VALIDATION type=LETTER routing=true letterVersion=AUTHORING 1`] = `"blue"`;

exports[`statusToColourMapping status=PENDING_VALIDATION type=LETTER routing=true letterVersion=PDF 1`] = `"blue"`;

exports[`statusToColourMapping status=PENDING_VALIDATION type=NHS_APP routing=false letterVersion=undefined 1`] = `"blue"`;

exports[`statusToColourMapping status=PENDING_VALIDATION type=NHS_APP routing=true letterVersion=undefined 1`] = `"blue"`;

exports[`statusToColourMapping status=PENDING_VALIDATION type=SMS routing=false letterVersion=undefined 1`] = `"blue"`;

exports[`statusToColourMapping status=PENDING_VALIDATION type=SMS routing=true letterVersion=undefined 1`] = `"blue"`;

exports[`statusToColourMapping status=PROOF_APPROVED type=EMAIL routing=false letterVersion=undefined 1`] = `"green"`;

exports[`statusToColourMapping status=PROOF_APPROVED type=EMAIL routing=true letterVersion=undefined 1`] = `"green"`;

exports[`statusToColourMapping status=PROOF_APPROVED type=LETTER routing=false letterVersion=AUTHORING 1`] = `"green"`;

exports[`statusToColourMapping status=PROOF_APPROVED type=LETTER routing=false letterVersion=PDF 1`] = `"green"`;

exports[`statusToColourMapping status=PROOF_APPROVED type=LETTER routing=true letterVersion=AUTHORING 1`] = `"green"`;

exports[`statusToColourMapping status=PROOF_APPROVED type=LETTER routing=true letterVersion=PDF 1`] = `"green"`;

exports[`statusToColourMapping status=PROOF_APPROVED type=NHS_APP routing=false letterVersion=undefined 1`] = `"green"`;

exports[`statusToColourMapping status=PROOF_APPROVED type=NHS_APP routing=true letterVersion=undefined 1`] = `"green"`;

exports[`statusToColourMapping status=PROOF_APPROVED type=SMS routing=false letterVersion=undefined 1`] = `"green"`;

exports[`statusToColourMapping status=PROOF_APPROVED type=SMS routing=true letterVersion=undefined 1`] = `"green"`;

exports[`statusToColourMapping status=PROOF_AVAILABLE type=EMAIL routing=false letterVersion=undefined 1`] = `"orange"`;

exports[`statusToColourMapping status=PROOF_AVAILABLE type=EMAIL routing=true letterVersion=undefined 1`] = `"orange"`;

exports[`statusToColourMapping status=PROOF_AVAILABLE type=LETTER routing=false letterVersion=AUTHORING 1`] = `"orange"`;

exports[`statusToColourMapping status=PROOF_AVAILABLE type=LETTER routing=false letterVersion=PDF 1`] = `"orange"`;

exports[`statusToColourMapping status=PROOF_AVAILABLE type=LETTER routing=true letterVersion=AUTHORING 1`] = `"orange"`;

exports[`statusToColourMapping status=PROOF_AVAILABLE type=LETTER routing=true letterVersion=PDF 1`] = `"orange"`;

exports[`statusToColourMapping status=PROOF_AVAILABLE type=NHS_APP routing=false letterVersion=undefined 1`] = `"orange"`;

exports[`statusToColourMapping status=PROOF_AVAILABLE type=NHS_APP routing=true letterVersion=undefined 1`] = `"orange"`;

exports[`statusToColourMapping status=PROOF_AVAILABLE type=SMS routing=false letterVersion=undefined 1`] = `"orange"`;

exports[`statusToColourMapping status=PROOF_AVAILABLE type=SMS routing=true letterVersion=undefined 1`] = `"orange"`;

exports[`statusToColourMapping status=SUBMITTED type=EMAIL routing=false letterVersion=undefined 1`] = `"grey"`;

exports[`statusToColourMapping status=SUBMITTED type=EMAIL routing=true letterVersion=undefined 1`] = `"pink"`;

exports[`statusToColourMapping status=SUBMITTED type=LETTER routing=false letterVersion=AUTHORING 1`] = `"grey"`;

exports[`statusToColourMapping status=SUBMITTED type=LETTER routing=false letterVersion=PDF 1`] = `"grey"`;

exports[`statusToColourMapping status=SUBMITTED type=LETTER routing=true letterVersion=AUTHORING 1`] = `"pink"`;

exports[`statusToColourMapping status=SUBMITTED type=LETTER routing=true letterVersion=PDF 1`] = `"pink"`;

exports[`statusToColourMapping status=SUBMITTED type=NHS_APP routing=false letterVersion=undefined 1`] = `"grey"`;

exports[`statusToColourMapping status=SUBMITTED type=NHS_APP routing=true letterVersion=undefined 1`] = `"pink"`;

exports[`statusToColourMapping status=SUBMITTED type=SMS routing=false letterVersion=undefined 1`] = `"grey"`;

exports[`statusToColourMapping status=SUBMITTED type=SMS routing=true letterVersion=undefined 1`] = `"pink"`;

exports[`statusToColourMapping status=VALIDATION_FAILED type=EMAIL routing=false letterVersion=undefined 1`] = `"red"`;

exports[`statusToColourMapping status=VALIDATION_FAILED type=EMAIL routing=true letterVersion=undefined 1`] = `"red"`;

exports[`statusToColourMapping status=VALIDATION_FAILED type=LETTER routing=false letterVersion=AUTHORING 1`] = `"red"`;

exports[`statusToColourMapping status=VALIDATION_FAILED type=LETTER routing=false letterVersion=PDF 1`] = `"red"`;

exports[`statusToColourMapping status=VALIDATION_FAILED type=LETTER routing=true letterVersion=AUTHORING 1`] = `"red"`;

exports[`statusToColourMapping status=VALIDATION_FAILED type=LETTER routing=true letterVersion=PDF 1`] = `"red"`;

exports[`statusToColourMapping status=VALIDATION_FAILED type=NHS_APP routing=false letterVersion=undefined 1`] = `"red"`;

exports[`statusToColourMapping status=VALIDATION_FAILED type=NHS_APP routing=true letterVersion=undefined 1`] = `"red"`;

exports[`statusToColourMapping status=VALIDATION_FAILED type=SMS routing=false letterVersion=undefined 1`] = `"red"`;

exports[`statusToColourMapping status=VALIDATION_FAILED type=SMS routing=true letterVersion=undefined 1`] = `"red"`;

exports[`statusToColourMapping status=VIRUS_SCAN_FAILED type=EMAIL routing=false letterVersion=undefined 1`] = `"red"`;

exports[`statusToColourMapping status=VIRUS_SCAN_FAILED type=EMAIL routing=true letterVersion=undefined 1`] = `"red"`;

exports[`statusToColourMapping status=VIRUS_SCAN_FAILED type=LETTER routing=false letterVersion=AUTHORING 1`] = `"red"`;

exports[`statusToColourMapping status=VIRUS_SCAN_FAILED type=LETTER routing=false letterVersion=PDF 1`] = `"red"`;

exports[`statusToColourMapping status=VIRUS_SCAN_FAILED type=LETTER routing=true letterVersion=AUTHORING 1`] = `"red"`;

exports[`statusToColourMapping status=VIRUS_SCAN_FAILED type=LETTER routing=true letterVersion=PDF 1`] = `"red"`;

exports[`statusToColourMapping status=VIRUS_SCAN_FAILED type=NHS_APP routing=false letterVersion=undefined 1`] = `"red"`;

exports[`statusToColourMapping status=VIRUS_SCAN_FAILED type=NHS_APP routing=true letterVersion=undefined 1`] = `"red"`;

exports[`statusToColourMapping status=VIRUS_SCAN_FAILED type=SMS routing=false letterVersion=undefined 1`] = `"red"`;

exports[`statusToColourMapping status=VIRUS_SCAN_FAILED type=SMS routing=true letterVersion=undefined 1`] = `"red"`;

exports[`statusToColourMapping status=WAITING_FOR_PROOF type=EMAIL routing=false letterVersion=undefined 1`] = `"yellow"`;

exports[`statusToColourMapping status=WAITING_FOR_PROOF type=EMAIL routing=true letterVersion=undefined 1`] = `"yellow"`;

exports[`statusToColourMapping status=WAITING_FOR_PROOF type=LETTER routing=false letterVersion=AUTHORING 1`] = `"yellow"`;

exports[`statusToColourMapping status=WAITING_FOR_PROOF type=LETTER routing=false letterVersion=PDF 1`] = `"yellow"`;

exports[`statusToColourMapping status=WAITING_FOR_PROOF type=LETTER routing=true letterVersion=AUTHORING 1`] = `"yellow"`;

exports[`statusToColourMapping status=WAITING_FOR_PROOF type=LETTER routing=true letterVersion=PDF 1`] = `"yellow"`;

exports[`statusToColourMapping status=WAITING_FOR_PROOF type=NHS_APP routing=false letterVersion=undefined 1`] = `"yellow"`;

exports[`statusToColourMapping status=WAITING_FOR_PROOF type=NHS_APP routing=true letterVersion=undefined 1`] = `"yellow"`;

exports[`statusToColourMapping status=WAITING_FOR_PROOF type=SMS routing=false letterVersion=undefined 1`] = `"yellow"`;

exports[`statusToColourMapping status=WAITING_FOR_PROOF type=SMS routing=true letterVersion=undefined 1`] = `"yellow"`;

exports[`statusToDisplayMapping status=DELETED type=EMAIL routing=false letterVersion=undefined 1`] = `""`;

exports[`statusToDisplayMapping status=DELETED type=EMAIL routing=true letterVersion=undefined 1`] = `""`;

exports[`statusToDisplayMapping status=DELETED type=LETTER routing=false letterVersion=AUTHORING 1`] = `""`;

exports[`statusToDisplayMapping status=DELETED type=LETTER routing=false letterVersion=PDF 1`] = `""`;

exports[`statusToDisplayMapping status=DELETED type=LETTER routing=true letterVersion=AUTHORING 1`] = `""`;

exports[`statusToDisplayMapping status=DELETED type=LETTER routing=true letterVersion=PDF 1`] = `""`;

exports[`statusToDisplayMapping status=DELETED type=NHS_APP routing=false letterVersion=undefined 1`] = `""`;

exports[`statusToDisplayMapping status=DELETED type=NHS_APP routing=true letterVersion=undefined 1`] = `""`;

exports[`statusToDisplayMapping status=DELETED type=SMS routing=false letterVersion=undefined 1`] = `""`;

exports[`statusToDisplayMapping status=DELETED type=SMS routing=true letterVersion=undefined 1`] = `""`;

exports[`statusToDisplayMapping status=NOT_YET_SUBMITTED type=EMAIL routing=false letterVersion=undefined 1`] = `"Draft"`;

exports[`statusToDisplayMapping status=NOT_YET_SUBMITTED type=EMAIL routing=true letterVersion=undefined 1`] = `"Draft"`;

exports[`statusToDisplayMapping status=NOT_YET_SUBMITTED type=LETTER routing=false letterVersion=AUTHORING 1`] = `"Approval needed"`;

exports[`statusToDisplayMapping status=NOT_YET_SUBMITTED type=LETTER routing=false letterVersion=PDF 1`] = `"Not yet submitted"`;

exports[`statusToDisplayMapping status=NOT_YET_SUBMITTED type=LETTER routing=true letterVersion=AUTHORING 1`] = `"Approval needed"`;

exports[`statusToDisplayMapping status=NOT_YET_SUBMITTED type=LETTER routing=true letterVersion=PDF 1`] = `"Not yet submitted"`;

exports[`statusToDisplayMapping status=NOT_YET_SUBMITTED type=NHS_APP routing=false letterVersion=undefined 1`] = `"Draft"`;

exports[`statusToDisplayMapping status=NOT_YET_SUBMITTED type=NHS_APP routing=true letterVersion=undefined 1`] = `"Draft"`;

exports[`statusToDisplayMapping status=NOT_YET_SUBMITTED type=SMS routing=false letterVersion=undefined 1`] = `"Draft"`;

exports[`statusToDisplayMapping status=NOT_YET_SUBMITTED type=SMS routing=true letterVersion=undefined 1`] = `"Draft"`;

exports[`statusToDisplayMapping status=PENDING_PROOF_REQUEST type=EMAIL routing=false letterVersion=undefined 1`] = `"Files uploaded"`;

exports[`statusToDisplayMapping status=PENDING_PROOF_REQUEST type=EMAIL routing=true letterVersion=undefined 1`] = `"Files uploaded"`;

exports[`statusToDisplayMapping status=PENDING_PROOF_REQUEST type=LETTER routing=false letterVersion=AUTHORING 1`] = `"Files uploaded"`;

exports[`statusToDisplayMapping status=PENDING_PROOF_REQUEST type=LETTER routing=false letterVersion=PDF 1`] = `"Files uploaded"`;

exports[`statusToDisplayMapping status=PENDING_PROOF_REQUEST type=LETTER routing=true letterVersion=AUTHORING 1`] = `"Files uploaded"`;

exports[`statusToDisplayMapping status=PENDING_PROOF_REQUEST type=LETTER routing=true letterVersion=PDF 1`] = `"Files uploaded"`;

exports[`statusToDisplayMapping status=PENDING_PROOF_REQUEST type=NHS_APP routing=false letterVersion=undefined 1`] = `"Files uploaded"`;

exports[`statusToDisplayMapping status=PENDING_PROOF_REQUEST type=NHS_APP routing=true letterVersion=undefined 1`] = `"Files uploaded"`;

exports[`statusToDisplayMapping status=PENDING_PROOF_REQUEST type=SMS routing=false letterVersion=undefined 1`] = `"Files uploaded"`;

exports[`statusToDisplayMapping status=PENDING_PROOF_REQUEST type=SMS routing=true letterVersion=undefined 1`] = `"Files uploaded"`;

exports[`statusToDisplayMapping status=PENDING_UPLOAD type=EMAIL routing=false letterVersion=undefined 1`] = `"Checking files"`;

exports[`statusToDisplayMapping status=PENDING_UPLOAD type=EMAIL routing=true letterVersion=undefined 1`] = `"Checking files"`;

exports[`statusToDisplayMapping status=PENDING_UPLOAD type=LETTER routing=false letterVersion=AUTHORING 1`] = `"Checking files"`;

exports[`statusToDisplayMapping status=PENDING_UPLOAD type=LETTER routing=false letterVersion=PDF 1`] = `"Checking files"`;

exports[`statusToDisplayMapping status=PENDING_UPLOAD type=LETTER routing=true letterVersion=AUTHORING 1`] = `"Checking files"`;

exports[`statusToDisplayMapping status=PENDING_UPLOAD type=LETTER routing=true letterVersion=PDF 1`] = `"Checking files"`;

exports[`statusToDisplayMapping status=PENDING_UPLOAD type=NHS_APP routing=false letterVersion=undefined 1`] = `"Checking files"`;

exports[`statusToDisplayMapping status=PENDING_UPLOAD type=NHS_APP routing=true letterVersion=undefined 1`] = `"Checking files"`;

exports[`statusToDisplayMapping status=PENDING_UPLOAD type=SMS routing=false letterVersion=undefined 1`] = `"Checking files"`;

exports[`statusToDisplayMapping status=PENDING_UPLOAD type=SMS routing=true letterVersion=undefined 1`] = `"Checking files"`;

exports[`statusToDisplayMapping status=PENDING_VALIDATION type=EMAIL routing=false letterVersion=undefined 1`] = `"Checking files"`;

exports[`statusToDisplayMapping status=PENDING_VALIDATION type=EMAIL routing=true letterVersion=undefined 1`] = `"Checking files"`;

exports[`statusToDisplayMapping status=PENDING_VALIDATION type=LETTER routing=false letterVersion=AUTHORING 1`] = `"Checking files"`;

exports[`statusToDisplayMapping status=PENDING_VALIDATION type=LETTER routing=false letterVersion=PDF 1`] = `"Checking files"`;

exports[`statusToDisplayMapping status=PENDING_VALIDATION type=LETTER routing=true letterVersion=AUTHORING 1`] = `"Checking files"`;

exports[`statusToDisplayMapping status=PENDING_VALIDATION type=LETTER routing=true letterVersion=PDF 1`] = `"Checking files"`;

exports[`statusToDisplayMapping status=PENDING_VALIDATION type=NHS_APP routing=false letterVersion=undefined 1`] = `"Checking files"`;

exports[`statusToDisplayMapping status=PENDING_VALIDATION type=NHS_APP routing=true letterVersion=undefined 1`] = `"Checking files"`;

exports[`statusToDisplayMapping status=PENDING_VALIDATION type=SMS routing=false letterVersion=undefined 1`] = `"Checking files"`;

exports[`statusToDisplayMapping status=PENDING_VALIDATION type=SMS routing=true letterVersion=undefined 1`] = `"Checking files"`;

exports[`statusToDisplayMapping status=PROOF_APPROVED type=EMAIL routing=false letterVersion=undefined 1`] = `"Proof approved"`;

exports[`statusToDisplayMapping status=PROOF_APPROVED type=EMAIL routing=true letterVersion=undefined 1`] = `"Proof approved"`;

exports[`statusToDisplayMapping status=PROOF_APPROVED type=LETTER routing=false letterVersion=AUTHORING 1`] = `"Proof approved"`;

exports[`statusToDisplayMapping status=PROOF_APPROVED type=LETTER routing=false letterVersion=PDF 1`] = `"Proof approved"`;

exports[`statusToDisplayMapping status=PROOF_APPROVED type=LETTER routing=true letterVersion=AUTHORING 1`] = `"Proof approved"`;

exports[`statusToDisplayMapping status=PROOF_APPROVED type=LETTER routing=true letterVersion=PDF 1`] = `"Proof approved"`;

exports[`statusToDisplayMapping status=PROOF_APPROVED type=NHS_APP routing=false letterVersion=undefined 1`] = `"Proof approved"`;

exports[`statusToDisplayMapping status=PROOF_APPROVED type=NHS_APP routing=true letterVersion=undefined 1`] = `"Proof approved"`;

exports[`statusToDisplayMapping status=PROOF_APPROVED type=SMS routing=false letterVersion=undefined 1`] = `"Proof approved"`;

exports[`statusToDisplayMapping status=PROOF_APPROVED type=SMS routing=true letterVersion=undefined 1`] = `"Proof approved"`;

exports[`statusToDisplayMapping status=PROOF_AVAILABLE type=EMAIL routing=false letterVersion=undefined 1`] = `"Proof available"`;

exports[`statusToDisplayMapping status=PROOF_AVAILABLE type=EMAIL routing=true letterVersion=undefined 1`] = `"Proof available"`;

exports[`statusToDisplayMapping status=PROOF_AVAILABLE type=LETTER routing=false letterVersion=AUTHORING 1`] = `"Proof available"`;

exports[`statusToDisplayMapping status=PROOF_AVAILABLE type=LETTER routing=false letterVersion=PDF 1`] = `"Proof available"`;

exports[`statusToDisplayMapping status=PROOF_AVAILABLE type=LETTER routing=true letterVersion=AUTHORING 1`] = `"Proof available"`;

exports[`statusToDisplayMapping status=PROOF_AVAILABLE type=LETTER routing=true letterVersion=PDF 1`] = `"Proof available"`;

exports[`statusToDisplayMapping status=PROOF_AVAILABLE type=NHS_APP routing=false letterVersion=undefined 1`] = `"Proof available"`;

exports[`statusToDisplayMapping status=PROOF_AVAILABLE type=NHS_APP routing=true letterVersion=undefined 1`] = `"Proof available"`;

exports[`statusToDisplayMapping status=PROOF_AVAILABLE type=SMS routing=false letterVersion=undefined 1`] = `"Proof available"`;

exports[`statusToDisplayMapping status=PROOF_AVAILABLE type=SMS routing=true letterVersion=undefined 1`] = `"Proof available"`;

exports[`statusToDisplayMapping status=SUBMITTED type=EMAIL routing=false letterVersion=undefined 1`] = `"Submitted"`;

exports[`statusToDisplayMapping status=SUBMITTED type=EMAIL routing=true letterVersion=undefined 1`] = `"Locked"`;

exports[`statusToDisplayMapping status=SUBMITTED type=LETTER routing=false letterVersion=AUTHORING 1`] = `"Submitted"`;

exports[`statusToDisplayMapping status=SUBMITTED type=LETTER routing=false letterVersion=PDF 1`] = `"Submitted"`;

exports[`statusToDisplayMapping status=SUBMITTED type=LETTER routing=true letterVersion=AUTHORING 1`] = `"Locked"`;

exports[`statusToDisplayMapping status=SUBMITTED type=LETTER routing=true letterVersion=PDF 1`] = `"Locked"`;

exports[`statusToDisplayMapping status=SUBMITTED type=NHS_APP routing=false letterVersion=undefined 1`] = `"Submitted"`;

exports[`statusToDisplayMapping status=SUBMITTED type=NHS_APP routing=true letterVersion=undefined 1`] = `"Locked"`;

exports[`statusToDisplayMapping status=SUBMITTED type=SMS routing=false letterVersion=undefined 1`] = `"Submitted"`;

exports[`statusToDisplayMapping status=SUBMITTED type=SMS routing=true letterVersion=undefined 1`] = `"Locked"`;

exports[`statusToDisplayMapping status=VALIDATION_FAILED type=EMAIL routing=false letterVersion=undefined 1`] = `"Checks failed"`;

exports[`statusToDisplayMapping status=VALIDATION_FAILED type=EMAIL routing=true letterVersion=undefined 1`] = `"Checks failed"`;

exports[`statusToDisplayMapping status=VALIDATION_FAILED type=LETTER routing=false letterVersion=AUTHORING 1`] = `"Checks failed"`;

exports[`statusToDisplayMapping status=VALIDATION_FAILED type=LETTER routing=false letterVersion=PDF 1`] = `"Checks failed"`;

exports[`statusToDisplayMapping status=VALIDATION_FAILED type=LETTER routing=true letterVersion=AUTHORING 1`] = `"Checks failed"`;

exports[`statusToDisplayMapping status=VALIDATION_FAILED type=LETTER routing=true letterVersion=PDF 1`] = `"Checks failed"`;

exports[`statusToDisplayMapping status=VALIDATION_FAILED type=NHS_APP routing=false letterVersion=undefined 1`] = `"Checks failed"`;

exports[`statusToDisplayMapping status=VALIDATION_FAILED type=NHS_APP routing=true letterVersion=undefined 1`] = `"Checks failed"`;

exports[`statusToDisplayMapping status=VALIDATION_FAILED type=SMS routing=false letterVersion=undefined 1`] = `"Checks failed"`;

exports[`statusToDisplayMapping status=VALIDATION_FAILED type=SMS routing=true letterVersion=undefined 1`] = `"Checks failed"`;

exports[`statusToDisplayMapping status=VIRUS_SCAN_FAILED type=EMAIL routing=false letterVersion=undefined 1`] = `"Checks failed"`;

exports[`statusToDisplayMapping status=VIRUS_SCAN_FAILED type=EMAIL routing=true letterVersion=undefined 1`] = `"Checks failed"`;

exports[`statusToDisplayMapping status=VIRUS_SCAN_FAILED type=LETTER routing=false letterVersion=AUTHORING 1`] = `"Checks failed"`;

exports[`statusToDisplayMapping status=VIRUS_SCAN_FAILED type=LETTER routing=false letterVersion=PDF 1`] = `"Checks failed"`;

exports[`statusToDisplayMapping status=VIRUS_SCAN_FAILED type=LETTER routing=true letterVersion=AUTHORING 1`] = `"Checks failed"`;

exports[`statusToDisplayMapping status=VIRUS_SCAN_FAILED type=LETTER routing=true letterVersion=PDF 1`] = `"Checks failed"`;

exports[`statusToDisplayMapping status=VIRUS_SCAN_FAILED type=NHS_APP routing=false letterVersion=undefined 1`] = `"Checks failed"`;

exports[`statusToDisplayMapping status=VIRUS_SCAN_FAILED type=NHS_APP routing=true letterVersion=undefined 1`] = `"Checks failed"`;

exports[`statusToDisplayMapping status=VIRUS_SCAN_FAILED type=SMS routing=false letterVersion=undefined 1`] = `"Checks failed"`;

exports[`statusToDisplayMapping status=VIRUS_SCAN_FAILED type=SMS routing=true letterVersion=undefined 1`] = `"Checks failed"`;

exports[`statusToDisplayMapping status=WAITING_FOR_PROOF type=EMAIL routing=false letterVersion=undefined 1`] = `"Waiting for proof"`;

exports[`statusToDisplayMapping status=WAITING_FOR_PROOF type=EMAIL routing=true letterVersion=undefined 1`] = `"Waiting for proof"`;

exports[`statusToDisplayMapping status=WAITING_FOR_PROOF type=LETTER routing=false letterVersion=AUTHORING 1`] = `"Waiting for proof"`;

exports[`statusToDisplayMapping status=WAITING_FOR_PROOF type=LETTER routing=false letterVersion=PDF 1`] = `"Waiting for proof"`;

exports[`statusToDisplayMapping status=WAITING_FOR_PROOF type=LETTER routing=true letterVersion=AUTHORING 1`] = `"Waiting for proof"`;

exports[`statusToDisplayMapping status=WAITING_FOR_PROOF type=LETTER routing=true letterVersion=PDF 1`] = `"Waiting for proof"`;

exports[`statusToDisplayMapping status=WAITING_FOR_PROOF type=NHS_APP routing=false letterVersion=undefined 1`] = `"Waiting for proof"`;

exports[`statusToDisplayMapping status=WAITING_FOR_PROOF type=NHS_APP routing=true letterVersion=undefined 1`] = `"Waiting for proof"`;

exports[`statusToDisplayMapping status=WAITING_FOR_PROOF type=SMS routing=false letterVersion=undefined 1`] = `"Waiting for proof"`;

exports[`statusToDisplayMapping status=WAITING_FOR_PROOF type=SMS routing=true letterVersion=undefined 1`] = `"Waiting for proof"`;
